mode: set
github.com/alvarolucio2007/estoque-livros-py/src/databaseConnection.go:15.22,17.12 2 1
github.com/alvarolucio2007/estoque-livros-py/src/databaseConnection.go:17.12,19.3 1 0
github.com/alvarolucio2007/estoque-livros-py/src/databaseConnection.go:20.2,22.16 3 1
github.com/alvarolucio2007/estoque-livros-py/src/databaseConnection.go:22.16,24.3 1 0
github.com/alvarolucio2007/estoque-livros-py/src/databaseConnection.go:25.2,27.16 3 1
github.com/alvarolucio2007/estoque-livros-py/src/databaseConnection.go:27.16,29.3 1 0
github.com/alvarolucio2007/estoque-livros-py/src/databaseConnection.go:32.53,36.2 3 1
github.com/alvarolucio2007/estoque-livros-py/src/databaseConnection.go:38.48,39.28 1 1
github.com/alvarolucio2007/estoque-livros-py/src/databaseConnection.go:39.28,41.3 1 0
github.com/alvarolucio2007/estoque-livros-py/src/databaseConnection.go:42.2,42.33 1 1
github.com/alvarolucio2007/estoque-livros-py/src/databaseConnection.go:42.33,44.3 1 0
github.com/alvarolucio2007/estoque-livros-py/src/databaseConnection.go:45.2,45.12 1 1
github.com/alvarolucio2007/estoque-livros-py/src/databaseConnection.go:48.40,50.28 2 1
github.com/alvarolucio2007/estoque-livros-py/src/databaseConnection.go:50.28,52.3 1 0
github.com/alvarolucio2007/estoque-livros-py/src/databaseConnection.go:53.2,53.12 1 1
github.com/alvarolucio2007/estoque-livros-py/src/databaseConnection.go:56.39,59.28 3 1
github.com/alvarolucio2007/estoque-livros-py/src/databaseConnection.go:59.28,61.3 1 0
github.com/alvarolucio2007/estoque-livros-py/src/databaseConnection.go:62.2,62.20 1 1
github.com/alvarolucio2007/estoque-livros-py/src/databaseConnection.go:65.34,67.28 2 1
github.com/alvarolucio2007/estoque-livros-py/src/databaseConnection.go:67.28,69.3 1 0
github.com/alvarolucio2007/estoque-livros-py/src/databaseConnection.go:70.2,70.33 1 1
github.com/alvarolucio2007/estoque-livros-py/src/databaseConnection.go:70.33,72.3 1 1
github.com/alvarolucio2007/estoque-livros-py/src/databaseConnection.go:73.2,73.12 1 1
github.com/alvarolucio2007/estoque-livros-py/src/databaseConnection.go:76.49,79.2 2 1
github.com/alvarolucio2007/estoque-livros-py/src/databaseConnection.go:81.56,85.16 4 1
github.com/alvarolucio2007/estoque-livros-py/src/databaseConnection.go:85.16,87.3 1 0
github.com/alvarolucio2007/estoque-livros-py/src/databaseConnection.go:88.2,88.30 1 1
github.com/alvarolucio2007/estoque-livros-py/src/databaseConnection.go:91.54,95.16 4 1
github.com/alvarolucio2007/estoque-livros-py/src/databaseConnection.go:95.16,97.3 1 0
github.com/alvarolucio2007/estoque-livros-py/src/databaseConnection.go:98.2,98.30 1 1
github.com/alvarolucio2007/estoque-livros-py/src/databaseConnection.go:101.47,114.2 7 1
github.com/alvarolucio2007/estoque-livros-py/src/databaseConnection.go:116.24,120.31 4 1
github.com/alvarolucio2007/estoque-livros-py/src/databaseConnection.go:120.31,122.3 1 1
github.com/alvarolucio2007/estoque-livros-py/src/databaseConnection.go:123.2,124.25 2 1
github.com/alvarolucio2007/estoque-livros-py/src/databaseConnection.go:124.25,126.3 1 1
github.com/alvarolucio2007/estoque-livros-py/src/databaseConnection.go:127.2,127.17 1 1
github.com/alvarolucio2007/estoque-livros-py/src/databaseConnection.go:130.43,132.51 2 1
github.com/alvarolucio2007/estoque-livros-py/src/databaseConnection.go:132.51,133.45 1 0
github.com/alvarolucio2007/estoque-livros-py/src/databaseConnection.go:133.45,135.4 1 0
github.com/alvarolucio2007/estoque-livros-py/src/databaseConnection.go:136.3,136.18 1 0
github.com/alvarolucio2007/estoque-livros-py/src/databaseConnection.go:138.2,138.20 1 1
github.com/alvarolucio2007/estoque-livros-py/src/main.go:8.13,15.16 5 0
github.com/alvarolucio2007/estoque-livros-py/src/main.go:15.16,17.3 1 0
github.com/alvarolucio2007/estoque-livros-py/src/rotasApi.go:10.17,23.40 7 0
github.com/alvarolucio2007/estoque-livros-py/src/rotasApi.go:23.40,25.17 2 0
github.com/alvarolucio2007/estoque-livros-py/src/rotasApi.go:25.17,28.4 2 0
github.com/alvarolucio2007/estoque-livros-py/src/rotasApi.go:29.3,29.22 1 0
github.com/alvarolucio2007/estoque-livros-py/src/rotasApi.go:31.2,31.50 1 0
github.com/alvarolucio2007/estoque-livros-py/src/rotasApi.go:31.50,34.3 2 0
github.com/alvarolucio2007/estoque-livros-py/src/rotasApi.go:35.2,35.50 1 0
github.com/alvarolucio2007/estoque-livros-py/src/rotasApi.go:35.50,37.17 2 0
github.com/alvarolucio2007/estoque-livros-py/src/rotasApi.go:37.17,40.4 2 0
github.com/alvarolucio2007/estoque-livros-py/src/rotasApi.go:41.3,41.25 1 0
github.com/alvarolucio2007/estoque-livros-py/src/rotasApi.go:43.2,43.50 1 0
github.com/alvarolucio2007/estoque-livros-py/src/rotasApi.go:43.50,46.17 3 0
github.com/alvarolucio2007/estoque-livros-py/src/rotasApi.go:46.17,48.4 1 0
github.com/alvarolucio2007/estoque-livros-py/src/rotasApi.go:49.3,50.17 2 0
github.com/alvarolucio2007/estoque-livros-py/src/rotasApi.go:50.17,53.4 2 0
github.com/alvarolucio2007/estoque-livros-py/src/rotasApi.go:54.3,54.25 1 0
github.com/alvarolucio2007/estoque-livros-py/src/rotasApi.go:56.2,56.55 1 0
github.com/alvarolucio2007/estoque-livros-py/src/rotasApi.go:56.55,59.17 3 0
github.com/alvarolucio2007/estoque-livros-py/src/rotasApi.go:59.17,62.4 2 0
github.com/alvarolucio2007/estoque-livros-py/src/rotasApi.go:63.3,63.25 1 0
github.com/alvarolucio2007/estoque-livros-py/src/rotasApi.go:65.2,65.53 1 0
github.com/alvarolucio2007/estoque-livros-py/src/rotasApi.go:65.53,68.17 3 0
github.com/alvarolucio2007/estoque-livros-py/src/rotasApi.go:68.17,71.4 2 0
github.com/alvarolucio2007/estoque-livros-py/src/rotasApi.go:72.3,72.25 1 0
github.com/alvarolucio2007/estoque-livros-py/src/rotasApi.go:74.2,74.41 1 0
github.com/alvarolucio2007/estoque-livros-py/src/rotasApi.go:74.41,76.54 2 0
github.com/alvarolucio2007/estoque-livros-py/src/rotasApi.go:76.54,79.4 2 0
github.com/alvarolucio2007/estoque-livros-py/src/rotasApi.go:80.3,81.17 2 0
github.com/alvarolucio2007/estoque-livros-py/src/rotasApi.go:81.17,84.4 2 0
github.com/alvarolucio2007/estoque-livros-py/src/rotasApi.go:85.3,85.36 1 0
github.com/alvarolucio2007/estoque-livros-py/src/rotasApi.go:87.2,87.44 1 0
github.com/alvarolucio2007/estoque-livros-py/src/rotasApi.go:87.44,90.17 3 0
github.com/alvarolucio2007/estoque-livros-py/src/rotasApi.go:90.17,93.4 2 0
github.com/alvarolucio2007/estoque-livros-py/src/rotasApi.go:94.3,95.61 2 0
github.com/alvarolucio2007/estoque-livros-py/src/rotasApi.go:95.61,98.4 2 0
github.com/alvarolucio2007/estoque-livros-py/src/rotasApi.go:99.3,100.17 2 0
github.com/alvarolucio2007/estoque-livros-py/src/rotasApi.go:100.17,103.4 2 0
github.com/alvarolucio2007/estoque-livros-py/src/rotasApi.go:104.3,104.32 1 0
github.com/alvarolucio2007/estoque-livros-py/src/rotasApi.go:106.2,106.47 1 0
github.com/alvarolucio2007/estoque-livros-py/src/rotasApi.go:106.47,109.17 3 0
github.com/alvarolucio2007/estoque-livros-py/src/rotasApi.go:109.17,112.4 2 0
github.com/alvarolucio2007/estoque-livros-py/src/rotasApi.go:113.3,114.17 2 0
github.com/alvarolucio2007/estoque-livros-py/src/rotasApi.go:114.17,117.4 2 0
github.com/alvarolucio2007/estoque-livros-py/src/rotasApi.go:118.3,118.44 1 0
github.com/alvarolucio2007/estoque-livros-py/src/rotasApi.go:121.2,122.16 2 0
github.com/alvarolucio2007/estoque-livros-py/src/rotasApi.go:122.16,124.3 1 0
github.com/alvarolucio2007/estoque-livros-py/src/verifiers.go:9.104,10.18 1 1
github.com/alvarolucio2007/estoque-livros-py/src/verifiers.go:10.18,12.3 1 1
github.com/alvarolucio2007/estoque-livros-py/src/verifiers.go:13.2,13.17 1 1
github.com/alvarolucio2007/estoque-livros-py/src/verifiers.go:13.17,15.3 1 1
github.com/alvarolucio2007/estoque-livros-py/src/verifiers.go:16.2,16.15 1 1
github.com/alvarolucio2007/estoque-livros-py/src/verifiers.go:16.15,18.3 1 1
github.com/alvarolucio2007/estoque-livros-py/src/verifiers.go:19.2,19.31 1 1
github.com/alvarolucio2007/estoque-livros-py/src/verifiers.go:19.31,21.3 1 1
github.com/alvarolucio2007/estoque-livros-py/src/verifiers.go:22.2,33.34 3 1
github.com/alvarolucio2007/estoque-livros-py/src/verifiers.go:36.41,37.13 1 1
github.com/alvarolucio2007/estoque-livros-py/src/verifiers.go:37.13,39.3 1 1
github.com/alvarolucio2007/estoque-livros-py/src/verifiers.go:40.2,40.25 1 1
github.com/alvarolucio2007/estoque-livros-py/src/verifiers.go:43.61,45.16 2 1
github.com/alvarolucio2007/estoque-livros-py/src/verifiers.go:45.16,47.3 1 0
github.com/alvarolucio2007/estoque-livros-py/src/verifiers.go:48.2,48.27 1 1
github.com/alvarolucio2007/estoque-livros-py/src/verifiers.go:48.27,50.3 1 0
github.com/alvarolucio2007/estoque-livros-py/src/verifiers.go:51.2,51.29 1 1
github.com/alvarolucio2007/estoque-livros-py/src/verifiers.go:51.29,53.3 1 1
github.com/alvarolucio2007/estoque-livros-py/src/verifiers.go:54.2,54.28 1 1
github.com/alvarolucio2007/estoque-livros-py/src/verifiers.go:54.28,56.3 1 1
github.com/alvarolucio2007/estoque-livros-py/src/verifiers.go:57.2,57.26 1 1
github.com/alvarolucio2007/estoque-livros-py/src/verifiers.go:57.26,59.3 1 1
github.com/alvarolucio2007/estoque-livros-py/src/verifiers.go:60.2,60.42 1 1
github.com/alvarolucio2007/estoque-livros-py/src/verifiers.go:60.42,62.3 1 1
github.com/alvarolucio2007/estoque-livros-py/src/verifiers.go:64.2,68.16 4 1
github.com/alvarolucio2007/estoque-livros-py/src/verifiers.go:68.16,70.3 1 0
github.com/alvarolucio2007/estoque-livros-py/src/verifiers.go:71.2,71.12 1 1
github.com/alvarolucio2007/estoque-livros-py/src/verifiers.go:74.63,75.18 1 0
github.com/alvarolucio2007/estoque-livros-py/src/verifiers.go:75.18,77.3 1 0
github.com/alvarolucio2007/estoque-livros-py/src/verifiers.go:78.2,78.34 1 0
github.com/alvarolucio2007/estoque-livros-py/src/verifiers.go:81.61,82.17 1 0
github.com/alvarolucio2007/estoque-livros-py/src/verifiers.go:82.17,84.3 1 0
github.com/alvarolucio2007/estoque-livros-py/src/verifiers.go:85.2,85.32 1 0
github.com/alvarolucio2007/estoque-livros-py/src/verifiers.go:88.52,89.13 1 0
github.com/alvarolucio2007/estoque-livros-py/src/verifiers.go:89.13,91.3 1 0
github.com/alvarolucio2007/estoque-livros-py/src/verifiers.go:92.2,92.24 1 0
